*** EVALUATION ************************************************************************************************
*********************************************************************************************
LINKING FAILED
The linking process failed in some stage.
Depending on the phase the linker failed, part of the information contained in this map file may be inaccurate or wrong.
If the linking failed before the allocation phase finished, then the addresses might be inaccurate.
Also summary information like the code size is likely to be misleading.
---------------------------------------------------------------------------------------------
---------------------------------------------------------------------------------------------

PROGRAM "C:\Users\sekefors\Desktop\Final Seth Forslund\bin\Project.abs"

*********************************************************************************************
TARGET SECTION
---------------------------------------------------------------------------------------------
Processor   : Freescale HC12
Memory Model: SMALL
File Format : ELF (no debug info)
Linker      : SmartLinker V-5.0.40 Build 10203, Jul 23 2010

*********************************************************************************************
FILE SECTION
---------------------------------------------------------------------------------------------
main.asm.o                              Model: SMALL,         Lang: Assembler
RTI.asm.o                               Model: SMALL,         Lang: Assembler
IRQ_ISR.asm.o                           Model: SMALL,         Lang: Assembler
Hex Pad.asm.o                           Model: SMALL,         Lang: Assembler
potentiometer.c.o                       Model: SMALL,         Lang: ANSI-C
Switch.asm.o                            Model: SMALL,         Lang: Assembler

*********************************************************************************************
STARTUP SECTION
---------------------------------------------------------------------------------------------

*********************************************************************************************
SECTION-ALLOCATION SECTION
Section Name                    Size  Type     From       To       Segment
---------------------------------------------------------------------------------------------

Summary of section sizes per section type:

*********************************************************************************************
VECTOR-ALLOCATION SECTION
    Address     InitValue   InitFunction
---------------------------------------------------------------------------------------------

*********************************************************************************************
OBJECT-ALLOCATION SECTION
     Name               Module                 Addr   hSize   dSize     Ref    Section   RLIB
---------------------------------------------------------------------------------------------
MODULE:                 -- main.asm.o --
- PROCEDURES:
     Entry                                        0'Error       5       5       0   MyCode      
     main                                         0'Error       0       0       0   MyCode      
     CompPass                                     0'Error       5       5       0   MyCode      
- VARIABLES:
     strtpass                                     0'Error       4       4       0   MY_EXTENDED_RAM
     oilpass                                      0'Error       3       3       0   MY_EXTENDED_RAM
     passtemp                                     0'Error       4       4       0   myvars      
     passkey                                      0'Error       4       4       0   myvars      
     OilFlag                                      0'Error       1       1       0   myvars      
     ton                                          0'Error       1       1       0   myvars      
     toff                                         0'Error       1       1       0   myvars      
     mph                                          0'Error       1       1       0   myvars      
     OdoNum                                       0'Error       2       2       0   myvars      
     DCount                                       0'Error       1       1       0   myvars      
- LABELS:
     __SEG_END_SSTACK                             0'Error       0       0       0               
MODULE:                 -- RTI.asm.o --
- PROCEDURES:
     RTI_ISR                                      0'Error      35      53       0   mycode      
- VARIABLES:
     sum                                          0'Error       1       1       0   myvar       
     rtiCount                                     0'Error       1       1       0   myvar       
     secCount                                     0'Error       1       1       0   myvar       
     sec5Count                                    0'Error       1       1       0   myvar       
     DCount                                       0'Error       1       1       0   myvar       
     DCFlag                                       0'Error       1       1       0   myvar       
     TurnFlag                                     0'Error       1       1       0   myvar       
     TurnDurFlag                                  0'Error       1       1       0   myvar       
MODULE:                 -- IRQ_ISR.asm.o --
- PROCEDURES:
- VARIABLES:
     IRQ_ISR                                      0'Error       0       0       0   IRQ_ISR.asm._SEC000000
MODULE:                 -- Hex Pad.asm.o --
- PROCEDURES:
     JUMPASS                                      0'Error      17      23       0   MyCode      
     start                                        0'Error       5       5       0   MyCode      
     scan                                         0'Error      16      22       0   MyCode      
     release                                      0'Error      13      19       0   MyCode      
     firstLoop                                    0'Error       B      11       0   MyCode      
     endloop                                      0'Error       8       8       0   MyCode      
     delay1                                       0'Error       4       4       0   MyCode      
     loopd                                        0'Error       8       8       0   MyCode      
- VARIABLES:
     send                                         0'Error       5       5       0   MY_EXTENDED_RAM
     index                                        0'Error      10      16       0   MY_EXTENDED_RAM
     temp                                         0'Error       1       1       0   vars        
     loop                                         0'Error       1       1       0   vars        
     hexval                                       0'Error       1       1       0   vars        
MODULE:                 -- potentiometer.c.o --
- PROCEDURES:
     read_pot                                     0'Error      18      24       0   NON_BANKED  
- VARIABLES:
     pot_value                                    0'Error       2       2       0   .common     
     _ATDCTL23                                    0'Error       2       2       0   .bss        
     _ATDCTL45                                    0'Error       2       2       0   .bss        
     _ATDSTAT0                                    0'Error       1       1       0   .bss        
     _ATDDR0                                      0'Error       2       2       0   .bss        
MODULE:                 -- Switch.asm.o --
- PROCEDURES:
     Swich                                        0'Error      1D      29       0   My_Code     
     Fastturn                                     0'Error       7       7       0   My_Code     
     return                                       0'Error       1       1       0   My_Code     
- VARIABLES:
     SlowFlag                                     0'Error       1       1       0   My_Var      
     FastFlag                                     0'Error       1       1       0   My_Var      

*********************************************************************************************
MODULE STATISTIC
  Name                                      Data   Code  Const
---------------------------------------------------------------------------------------------

*********************************************************************************************
SECTION USE IN OBJECT-ALLOCATION SECTION
---------------------------------------------------------------------------------------------

*********************************************************************************************
OBJECT LIST SORTED BY ADDRESS
     Name                                      Addr   hSize   dSize     Ref    Section   RLIB
---------------------------------------------------------------------------------------------

*********************************************************************************************
UNUSED-OBJECTS SECTION
---------------------------------------------------------------------------------------------
NOT USED PROCEDURES
main.asm.o:
  Start GetPass GetOilPass Oilloop OilCh ButtPass chkpass GoodPass BadPass 
  Push2strt MidPotChk HiPotChk MaxPot Pot0 PotFound ODO AddMi ChgOil Switches 
  strturn 
RTI.asm.o:
  endrti RToff reset 

*********************************************************************************************
COPYDOWN SECTION
---------------------------------------------------------------------------------------------

*********************************************************************************************
OBJECT-DEPENDENCIES SECTION
---------------------------------------------------------------------------------------------

*********************************************************************************************
STATISTIC SECTION
---------------------------------------------------------------------------------------------

ExeFile:
--------
Number of blocks to be downloaded: 0
Total size of all blocks to be downloaded: 0

