*** EVALUATION ***
PROGRAM "C:\Users\sekefors\Desktop\Final Seth Forslund\bin\Project.abs"

*********************************************************************************************
TARGET SECTION
---------------------------------------------------------------------------------------------
Processor   : Freescale HC12
Memory Model: SMALL
File Format : ELF\DWARF 2.0
Linker      : SmartLinker V-5.0.40 Build 10203, Jul 23 2010

*********************************************************************************************
FILE SECTION
---------------------------------------------------------------------------------------------
main.asm.o                              Model: SMALL,         Lang: Assembler
RTI.asm.o                               Model: SMALL,         Lang: Assembler

*********************************************************************************************
STARTUP SECTION
---------------------------------------------------------------------------------------------
Entry point: 0xC000 (Entry)

*********************************************************************************************
SECTION-ALLOCATION SECTION
Section Name                    Size  Type     From       To       Segment
---------------------------------------------------------------------------------------------
.init                              5     R     0xC000     0xC004   ROM_C000
.stack                           256   R/W      0x400      0x4FF   RAM
mycode                            43     R     0xC005     0xC02F   ROM_C000
myvar                              8   R/W      0x500      0x507   RAM
.vectSeg0_vect                     4     R     0xFFF0     0xFFF3   .vectSeg0
.vectSeg1_vect                     2     R     0xFFFE     0xFFFF   .vectSeg1

Summary of section sizes per section type:
READ_ONLY (R):          36 (dec:       54)
READ_WRITE (R/W):      108 (dec:      264)

*********************************************************************************************
VECTOR-ALLOCATION SECTION
    Address     InitValue   InitFunction
---------------------------------------------------------------------------------------------
     0xFFF0        0xC005   RTI_ISR
     0xFFF2        0xC030   IRQ_ISR
     0xFFFE        0xC000   Entry

*********************************************************************************************
OBJECT-ALLOCATION SECTION
     Name               Module                 Addr   hSize   dSize     Ref    Section   RLIB
---------------------------------------------------------------------------------------------
MODULE:                 -- main.asm.o --
- PROCEDURES:
     Entry                                     C000       5       5       0   .init       
     _Startup                                  C000       0       0       0   .init       
     main                                      C000       0       0       0   .init       
- VARIABLES:
- LABELS:
     __SEG_END_SSTACK                           500       0       0       1               
MODULE:                 -- RTI.asm.o --
- PROCEDURES:
     RTI_ISR                                   C005      2A      42       0   mycode      
     endrti                                    C02F       1       1       0   mycode      
- VARIABLES:
     sum                                        500       1       1       0   myvar       
     rtiCount                                   501       1       1       1   myvar       
     secCount                                   502       1       1       1   myvar       
     sec5Count                                  503       1       1       2   myvar       
     MotorFlag                                  504       1       1       1   myvar       
     DCFlag                                     505       1       1       1   myvar       
     StepFlag                                   506       1       1       1   myvar       
     TurnDurFlag                                507       1       1       1   myvar       

*********************************************************************************************
MODULE STATISTIC
  Name                                      Data   Code  Const
---------------------------------------------------------------------------------------------
  main.asm.o                                   0      5      0
  RTI.asm.o                                    8     43      0
  other                                      256      6      0

*********************************************************************************************
SECTION USE IN OBJECT-ALLOCATION SECTION
---------------------------------------------------------------------------------------------
SECTION: ".init"
  main _Startup Entry 
SECTION: "mycode"
  RTI_ISR endrti IRQ_ISR 
SECTION: "myvar"
  sum rtiCount secCount sec5Count MotorFlag DCFlag StepFlag TurnDurFlag 

*********************************************************************************************
OBJECT LIST SORTED BY ADDRESS
     Name                                      Addr   hSize   dSize     Ref    Section   RLIB
---------------------------------------------------------------------------------------------
     sum                                        500       1       1       0   myvar       
     rtiCount                                   501       1       1       1   myvar       
     secCount                                   502       1       1       1   myvar       
     sec5Count                                  503       1       1       2   myvar       
     MotorFlag                                  504       1       1       1   myvar       
     DCFlag                                     505       1       1       1   myvar       
     StepFlag                                   506       1       1       1   myvar       
     TurnDurFlag                                507       1       1       1   myvar       
     main                                      C000       0       0       0   .init       
     _Startup                                  C000       0       0       0   .init       
     Entry                                     C000       5       5       0   .init       
     RTI_ISR                                   C005      2A      42       0   mycode      
     endrti                                    C02F       1       1       0   mycode      
     IRQ_ISR                                   C030       0       0       0   mycode      

*********************************************************************************************
UNUSED-OBJECTS SECTION
---------------------------------------------------------------------------------------------
NOT USED VARIABLES
main.asm.o:
  password 

*********************************************************************************************
COPYDOWN SECTION
---------------------------------------------------------------------------------------------

*********************************************************************************************
OBJECT-DEPENDENCIES SECTION
---------------------------------------------------------------------------------------------
Entry                     USES __SEG_END_SSTACK 
RTI_ISR                   USES rtiCount secCount TurnDurFlag DCFlag MotorFlag 
                                sec5Count StepFlag 

*********************************************************************************************
DEPENDENCY TREE
*********************************************************************************************
 main and _Startup Group
 | 
 +- main                
 |    
 +- Entry               
      
 RTI_ISR             
   
*********************************************************************************************
STATISTIC SECTION
---------------------------------------------------------------------------------------------

ExeFile:
--------
Number of blocks to be downloaded: 4
Total size of all blocks to be downloaded: 54

